// Jest Snapshot v1, https://goo.gl/fbAQLP

exports[`Test Application Should be rendered 1`] = `
<div>
  <div
    class="calculator-container"
  >
    <div
      class="screen"
    >
      <input
        class="screen-input"
        data-testid="screen-input"
        value=""
      />
    </div>
    <div
      class="controls"
    >
      <div
        class="row"
      >
        <div
          class="button operator"
        >
          AC
        </div>
        <div
          class="button operator"
        >
          Del
        </div>
        <div
          class="button operator"
        >
          *
        </div>
        <div
          class="button operator"
        >
          /
        </div>
      </div>
      <div
        class="row"
      >
        <div
          class="button "
        >
          7
        </div>
        <div
          class="button "
        >
          8
        </div>
        <div
          class="button "
        >
          9
        </div>
        <div
          class="button operator"
        >
          +
        </div>
      </div>
      <div
        class="row"
      >
        <div
          class="button "
        >
          4
        </div>
        <div
          class="button "
        >
          5
        </div>
        <div
          class="button "
        >
          6
        </div>
        <div
          class="button operator"
        >
          -
        </div>
      </div>
      <div
        class="row"
      >
        <div
          class="button "
        >
          1
        </div>
        <div
          class="button "
        >
          2
        </div>
        <div
          class="button "
        >
          3
        </div>
        <div
          class="button operator-equal"
        >
          =
        </div>
      </div>
      <div
        class="row"
      >
        <div
          class="button invisible"
        />
        <div
          class="button "
        >
          0
        </div>
        <div
          class="button invisible"
        />
      </div>
    </div>
  </div>
</div>
`;
